I'm sorry, but errors were detected in your script. Please correct the
errors listed below, and try again.


File "game/script-ch0.rpy", line 810: end of line expected.
    with fadein 1.0
                ^

Ren'Py Version: Ren'Py 7.6.1.23060707
Wed Sep  6 18:16:11 2023
